
> sehati-frontend@0.1.0 build
> next build

node.exe : [baseline-browser-mapping] The data in this module is 
over two months old.  To ensure accurate Baseline data, please 
update: `npm i baseline-browser-mapping@latest -D`
At line:1 char:1
+ & "C:\Program Files\nodejs/node.exe" "C:\Program 
Files\nodejs/node_mo ...
+ ~~~~~~~~~~~~~~~~~~~~~~~~~~~~~~~~~~~~~~~~~~~~~~~~~~~~~~~~~~~~~~~
~~~~~~
    + CategoryInfo          : NotSpecified: ([baseline-bro    
ws...ping@latest -D`:String) [], RemoteException
    + FullyQualifiedErrorId : NativeCommandError
 
 ΓÜá Warning: Next.js inferred your workspace root, but it may 
not be correct.
 We detected multiple lockfiles and selected the directory of 
D:\ALFI\TA\Projek\package-lock.json as the root directory.
 To silence this warning, set `turbopack.root` in your Next.js 
config, or consider removing one of the lockfiles if it's not 
needed.
   See https://nextjs.org/docs/app/api-reference/config/next-conf
ig-js/turbopack#root-directory for more information.
 Detected additional lockfiles: 
   * D:\ALFI\TA\Projek\sehati-frontend\package-lock.json

   Γû▓ Next.js 16.0.10 (Turbopack)
   - Environments: .env.local

 ΓÜá The "middleware" file convention is deprecated. Please use 
"proxy" instead. Learn more: 
https://nextjs.org/docs/messages/middleware-to-proxy
   Creating an optimized production build ...
[baseline-browser-mapping] The data in this module is over two 
months old.  To ensure accurate Baseline data, please update: 
`npm i baseline-browser-mapping@latest -D`
 Γ£ô Compiled successfully in 5.1s
   Running TypeScript ...
Failed to compile.

.next/dev/types/validator.ts:296:39
Type error: File 
'D:/ALFI/TA/Projek/sehati-frontend/app/api/dashboard/route.ts' 
is not a module.

[0m [90m 294 |[39m {
 [90m 295 |[39m   type 
__IsExpected[33m<[39m[33mSpecific[39m [36mextends[39m [33m
RouteHandlerConfig[39m[33m<[39m[32m"/api/dashboard"[39m[33m
>>[39m [33m=[39m [33mSpecific[39m
[31m[1m>[22m[39m[90m 296 |[39m   [36mconst[39m handler 
[33m=[39m {} [36mas[39m [36mtypeof[39m 
[36mimport[39m([32m"../../../app/api/dashboard/route.js"[39m)
 [90m     |[39m                                       
[31m[1m^[22m[39m
 [90m 297 |[39m   type __Check [33m=[39m 
__IsExpected[33m<[39m[36mtypeof[39m handler[33m>[39m
 [90m 298 |[39m   [90m// @ts-ignore[39m
 [90m 299 |[39m   type __Unused [33m=[39m __Check[0m
Next.js build worker exited with code: 1 and signal: null
