
> sehati-frontend@0.1.0 build
> next build

node.exe : [baseline-browser-mapping] The data in this 
module is over two months old.  To ensure accurate 
Baseline data, please update: `npm i 
baseline-browser-mapping@latest -D`
At line:1 char:1
+ & "C:\Program Files\nodejs/node.exe" "C:\Program 
Files\nodejs/node_mo ...
+ ~~~~~~~~~~~~~~~~~~~~~~~~~~~~~~~~~~~~~~~~~~~~~~~~~~~~~~~~
~~~~~~~~~~~~~
    + CategoryInfo          : NotSpecified: ([baseline-br 
   ows...ping@latest -D`:String) [], RemoteException
    + FullyQualifiedErrorId : NativeCommandError
 
 ΓÜá Warning: Next.js inferred your workspace root, but 
it may not be correct.
 We detected multiple lockfiles and selected the 
directory of D:\ALFI\TA\Projek\package-lock.json as the 
root directory.
 To silence this warning, set `turbopack.root` in your 
Next.js config, or consider removing one of the lockfiles 
if it's not needed.
   See https://nextjs.org/docs/app/api-reference/config/ne
xt-config-js/turbopack#root-directory for more 
information.
 Detected additional lockfiles: 
   * D:\ALFI\TA\Projek\sehati-frontend\package-lock.json

   Γû▓ Next.js 16.0.10 (Turbopack)
   - Environments: .env.local

 ΓÜá The "middleware" file convention is deprecated. 
Please use "proxy" instead. Learn more: 
https://nextjs.org/docs/messages/middleware-to-proxy
   Creating an optimized production build ...
[baseline-browser-mapping] The data in this module is 
over two months old.  To ensure accurate Baseline data, 
please update: `npm i baseline-browser-mapping@latest -D`
 Γ£ô Compiled successfully in 5.9s
   Running TypeScript ...
Failed to compile.

./components/admin/ComplianceChart.tsx:31:34
Type error: Property 'payload' does not exist on type 
'TooltipProps<number, string>'.

[0m [90m 29 |[39m
 [90m 30 |[39m [90m// ΓöÇΓöÇ Custom tooltip ΓöÇΓöÇΓöÇΓö
ÇΓöÇΓöÇΓöÇΓöÇΓöÇΓöÇΓöÇΓöÇΓöÇΓöÇΓöÇΓöÇΓöÇΓöÇΓöÇΓöÇΓöÇΓöÇΓöÇ
ΓöÇΓöÇΓöÇΓöÇΓöÇΓöÇΓöÇΓöÇΓöÇΓöÇΓöÇΓöÇΓöÇΓöÇΓöÇΓöÇΓöÇΓöÇΓöÇΓ
öÇΓöÇΓöÇΓöÇΓöÇΓöÇΓöÇΓöÇΓöÇΓöÇΓöÇΓöÇΓöÇΓöÇΓöÇΓöÇΓöÇΓöÇ[39m
[31m[1m>[22m[39m[90m 31 |[39m [36mfunction[39m 
[33mCustomTooltip[39m({ active[33m,[39m 
payload[33m,[39m label }[33m:[39m [33mTooltipProps[3
9m[33m<[39m[33mnumber[39m[33m,[39m 
string[33m>[39m) {
 [90m    |[39m                                  
[31m[1m^[22m[39m
 [90m 32 |[39m   [36mif[39m ([33m![39mactive 
[33m||[39m 
[33m![39mpayload[33m?[39m[33m.[39mlength) 
[36mreturn[39m [36mnull[39m[33m;[39m
 [90m 33 |[39m   [36mconst[39m val [33m=[39m 
payload[[35m0[39m][33m?[39m[33m.[39mvalue 
[33m?[39m[33m?[39m [35m0[39m[33m;[39m
 [90m 34 |[39m   [36mreturn[39m ([0m
Next.js build worker exited with code: 1 and signal: null
